Command line:
   half_adder_isim_beh.exe
     -simmode  gui
     -simrunnum  0
     -socket  34118

Fri Oct  2 06:57:21 2026


 Elaboration Time: 0.06 sec

 Current Memory Usage: 215.265 Meg

 Total Signals          : 32
 Total Nets             : 8
 Total Signal Drivers   : 6
 Total Blocks           : 10
 Total Primitive Blocks : 7
 Total Processes        : 6
 Total Traceable Variables  : 8
 Total Scalar Nets and Variables : 368
Total Line Count : 6

 Total Simulation Time: 0.07 sec

 Current Memory Usage: 292.864 Meg

Fri Oct  2 06:58:23 2026

