Command line:
   full_adder_tb_isim_beh.exe
     -simmode  gui
     -simrunnum  0
     -socket  57570

Fri Oct  2 07:46:33 2026


 Elaboration Time: 0.05 sec

 Current Memory Usage: 215.405 Meg

 Total Signals          : 91
 Total Nets             : 18
 Total Signal Drivers   : 18
 Total Blocks           : 25
 Total Primitive Blocks : 16
 Total Processes        : 16
 Total Traceable Variables  : 8
 Total Scalar Nets and Variables : 378
Total Line Count : 24

 Total Simulation Time: 0.09 sec

 Current Memory Usage: 293.003 Meg

Fri Oct  2 07:49:04 2026

