Command line:
   x_or_gate_tb_isim_beh.exe
     -simmode  gui
     -simrunnum  0
     -socket  46924

Fri Oct  2 07:55:39 2026


 Elaboration Time: 0.05 sec

 Current Memory Usage: 215.265 Meg

 Total Signals          : 21
 Total Nets             : 6
 Total Signal Drivers   : 6
 Total Blocks           : 7
 Total Primitive Blocks : 5
 Total Processes        : 5
 Total Traceable Variables  : 8
 Total Scalar Nets and Variables : 366
Total Line Count : 9

 Total Simulation Time: 0.07 sec

 Current Memory Usage: 292.864 Meg

Fri Oct  2 07:56:41 2026

