Command line:
   x_or_gate_isim_beh.exe
     -simmode  gui
     -simrunnum  0
     -socket  37803

Fri Oct  2 07:33:23 2026


 Elaboration Time: 0.05 sec

 Current Memory Usage: 215.265 Meg

 Total Signals          : 18
 Total Nets             : 6
 Total Signal Drivers   : 4
 Total Blocks           : 6
 Total Primitive Blocks : 5
 Total Processes        : 4
 Total Traceable Variables  : 8
 Total Scalar Nets and Variables : 366
Total Line Count : 4

 Total Simulation Time: 0.08 sec

 Current Memory Usage: 292.864 Meg

Fri Oct  2 07:37:54 2026

