Command line:
   or_gate_tb_isim_beh.exe
     -simmode  gui
     -simrunnum  0
     -socket  50117

Fri Oct  2 07:54:12 2026


 Elaboration Time: 0.04 sec

 Current Memory Usage: 215.265 Meg

 Total Signals          : 17
 Total Nets             : 5
 Total Signal Drivers   : 5
 Total Blocks           : 6
 Total Primitive Blocks : 4
 Total Processes        : 4
 Total Traceable Variables  : 8
 Total Scalar Nets and Variables : 365
Total Line Count : 8

 Total Simulation Time: 0.05 sec

 Current Memory Usage: 292.864 Meg

Fri Oct  2 07:55:31 2026

