Command line:
   or_gate_isim_beh.exe
     -simmode  gui
     -simrunnum  0
     -socket  60596

Fri Oct  2 07:29:28 2026


 Elaboration Time: 0.04 sec

 Current Memory Usage: 215.265 Meg

 Total Signals          : 14
 Total Nets             : 5
 Total Signal Drivers   : 3
 Total Blocks           : 5
 Total Primitive Blocks : 4
 Total Processes        : 3
 Total Traceable Variables  : 8
 Total Scalar Nets and Variables : 365
Total Line Count : 3

 Total Simulation Time: 0.05 sec

 Current Memory Usage: 292.864 Meg

Fri Oct  2 07:29:52 2026

